
> TimeTrack@1.0.0 test
> vitest run


[1m[7m[36m RUN [39m[27m[22m [36mv2.1.9 [39m[90mC:/Users/Ricardo Smart/Desktop/TimeTrack[39m

 [32m✓[39m tests/unit/emailNormalization.test.ts [2m([22m[2m2 tests[22m[2m)[22m[90m 3[2mms[22m[39m
 [32m✓[39m tests/unit/concurrency-race.test.ts [2m([22m[2m6 tests[22m[2m)[22m[90m 4[2mms[22m[39m
 [32m✓[39m tests/unit/metrics.test.ts [2m([22m[2m4 tests[22m[2m)[22m[90m 4[2mms[22m[39m
 [32m✓[39m tests/unit/csv.test.ts [2m([22m[2m20 tests[22m[2m)[22m[90m 14[2mms[22m[39m
 [32m✓[39m tests/unit/errorResponse.test.ts [2m([22m[2m12 tests[22m[2m)[22m[90m 12[2mms[22m[39m
